 kmdf-00

 Timestamp is 6835db20 (Tue May 27 18:32:48 2025)

 Preferred load address is 0000000180000000

 Start         Length     Name                   Class
 0001:00000000 00001000H .text$mn                CODE
 0001:00001000 00000040H .text$mn$00             CODE
 0001:00001040 000001e6H .text$mn$21             CODE
 0002:00000000 00000070H .idata$5                DATA
 0002:00000070 00000030H .00cfg                  DATA
 0002:000000a0 00000000H .gfids$y                DATA
 0002:000000a0 00000ae0H .rdata                  DATA
 0002:00000b80 00000000H .rdata$CastGuardVftablesA DATA
 0002:00000b80 00000000H .rdata$CastGuardVftablesC DATA
 0002:00000b80 00000070H .rdata$zzzdbg           DATA
 0002:00000bf0 00000170H .xdata                  DATA
 0003:00000000 00000110H .data                   DATA
 0003:00000110 00000010H .kmdfclassbind$a        DATA
 0003:00000120 00000008H .kmdfclassbind$c        DATA
 0003:00000128 00000008H .kmdfclassbind$d        DATA
 0003:00000130 00000010H .kmdftypeinit$a         DATA
 0003:00000140 00000010H .kmdftypeinit$c         DATA
 0003:00000150 00000264H .bss                    DATA
 0004:00000000 00000180H .pdata                  DATA
 0005:00000000 00000639H PAGE                    CODE
 0006:00000000 00000260H INIT                    CODE
 0006:00000260 00000028H .idata$2                CODE
 0006:00000288 00000018H .idata$3                CODE
 0006:000002a0 00000070H .idata$4                CODE
 0006:00000310 000000feH .idata$6                CODE

  Address         Publics by Value              Rva+Base               Lib:Object

 0000:00000000       __AbsoluteZero             0000000000000000     <absolute>
 0000:00000000       __arm64x_extra_rfe_table   0000000000000000     <absolute>
 0000:00000000       __arm64x_extra_rfe_table_size 0000000000000000     <absolute>
 0000:00000000       __arm64x_native_entrypoint 0000000000000000     <absolute>
 0000:00000000       __arm64x_redirection_metadata 0000000000000000     <absolute>
 0000:00000000       __arm64x_redirection_metadata_count 0000000000000000     <absolute>
 0000:00000000       __dynamic_value_reloc_table 0000000000000000     <absolute>
 0000:00000000       __enclave_config           0000000000000000     <absolute>
 0000:00000000       __guard_check_icall_a64n_fptr 0000000000000000     <absolute>
 0000:00000000       __guard_eh_cont_count      0000000000000000     <absolute>
 0000:00000000       __guard_eh_cont_table      0000000000000000     <absolute>
 0000:00000000       __guard_fids_count         0000000000000000     <absolute>
 0000:00000000       __guard_fids_table         0000000000000000     <absolute>
 0000:00000000       __guard_iat_count          0000000000000000     <absolute>
 0000:00000000       __guard_iat_table          0000000000000000     <absolute>
 0000:00000000       __guard_longjmp_count      0000000000000000     <absolute>
 0000:00000000       __guard_longjmp_table      0000000000000000     <absolute>
 0000:00000000       __hybrid_auxiliary_delayload_iat 0000000000000000     <absolute>
 0000:00000000       __hybrid_auxiliary_delayload_iat_copy 0000000000000000     <absolute>
 0000:00000000       __hybrid_auxiliary_iat     0000000000000000     <absolute>
 0000:00000000       __hybrid_auxiliary_iat_copy 0000000000000000     <absolute>
 0000:00000000       __hybrid_code_map          0000000000000000     <absolute>
 0000:00000000       __hybrid_code_map_count    0000000000000000     <absolute>
 0000:00000000       __hybrid_image_info_bitfield 0000000000000000     <absolute>
 0000:00000000       __volatile_metadata        0000000000000000     <absolute>
 0000:00000000       __x64_code_ranges_to_entry_points 0000000000000000     <absolute>
 0000:00000000       __x64_code_ranges_to_entry_points_count 0000000000000000     <absolute>
 0000:00000100       __guard_flags              0000000000000100     <absolute>
 0001:00000000       ?EchoEvtDeviceSelfManagedIoStart@@YAJPEAUWDFDEVICE__@@@Z 0000000180001000 f   device.obj
 0001:000000c8       ?EchoEvtIoQueueContextDestroy@@YAXPEAX@Z 00000001800010c8 f   queue.obj
 0001:00000110       ?EchoEvtRequestCancel@@YAXPEAUWDFREQUEST__@@@Z 0000000180001110 f   queue.obj
 0001:00000264       ?EchoSetCurrentRequest@@YAXPEAUWDFREQUEST__@@PEAUWDFQUEUE__@@@Z 0000000180001264 f   queue.obj
 0001:00000364       ?EchoEvtIoRead@@YAXPEAUWDFQUEUE__@@PEAUWDFREQUEST__@@_K@Z 0000000180001364 f   queue.obj
 0001:000004d0       ?EchoEvtIoWrite@@YAXPEAUWDFQUEUE__@@PEAUWDFREQUEST__@@_K@Z 00000001800014d0 f   queue.obj
 0001:000006c0       ?EchoEvtTimerFunc@@YAXPEAUWDFTIMER__@@@Z 00000001800016c0 f   queue.obj
 0001:000008e0       __security_check_cookie    00000001800018e0 f   bufferoverflowfastfailk:amdsecgs.obj
 0001:00000900       __report_gsfailure         0000000180001900 f   bufferoverflowfastfailk:gs_report.obj
 0001:00000908       ?FxStubDriverEntryFailure@@YAXXZ 0000000180001908 f   wdfdriverentry:stub.obj
 0001:00000964       ?FxStubDriverUnloadCommon@@YAXXZ 0000000180001964 f   wdfdriverentry:stub.obj
 0001:00000994       FxDriverEntry              0000000180001994 f   wdfdriverentry:stub.obj
 0001:000009c0       FxDriverEntryWorker        00000001800019c0 f   wdfdriverentry:stub.obj
 0001:00000b1c       FxStubDriverMiniportUnload 0000000180001b1c f   wdfdriverentry:stub.obj
 0001:00000b2c       FxStubDriverUnload         0000000180001b2c f   wdfdriverentry:stub.obj
 0001:00000b5c       ?FxStubInitTypes@@YAJXZ    0000000180001b5c f   wdfdriverentry:inittypes.obj
 0001:00000c20       ?FxStubBindClasses@@YAJPEAU_WDF_BIND_INFO@@@Z 0000000180001c20 f   wdfdriverentry:classbind.obj
 0001:00000dac       ?FxStubIsClassBound@@YAEXZ 0000000180001dac f   wdfdriverentry:classbind.obj
 0001:00000dc0       ?FxStubUnbindClasses@@YAXPEAU_WDF_BIND_INFO@@@Z 0000000180001dc0 f   wdfdriverentry:classbind.obj
 0001:00000ea9       WdfVersionBind             0000000180001ea9 f   wdfldr:WDFLDR.SYS
 0001:00000eaf       WdfLdrQueryInterface       0000000180001eaf f   wdfldr:WDFLDR.SYS
 0001:00000eb5       WdfVersionUnbind           0000000180001eb5 f   wdfldr:WDFLDR.SYS
 0001:00000ebb       WdfVersionBindClass        0000000180001ebb f   wdfldr:WDFLDR.SYS
 0001:00000ec1       WdfVersionUnbindClass      0000000180001ec1 f   wdfldr:WDFLDR.SYS
 0001:00000ed0       _guard_check_icall_nop     0000000180001ed0 f i libcntpr:guard_check.obj
 0001:00000ee0       __GSHandlerCheck           0000000180001ee0 f   ntoskrnl:gshandler.obj
 0001:00000f00       __GSHandlerCheckCommon     0000000180001f00 f   ntoskrnl:gshandler.obj
 0001:00000f60       __cpu_features_init        0000000180001f60 f   ntoskrnl:cpuinfo.obj
 0001:00001010       _guard_dispatch_icall_nop  0000000180002010 f   libcntpr:guard_dispatch.obj
 0001:00001030       _guard_xfg_dispatch_icall_nop 0000000180002030 f   libcntpr:guard_xfg_dispatch.obj
 0001:00001040       memset                     0000000180002040 f   ntoskrnl:memset.obj
 0001:00001040       memset_$fo_default$        0000000180002040     ntoskrnl:memset.obj
 0001:00001180       __memset_repmovs           0000000180002180 f   ntoskrnl:memset.obj
 0001:00001200       __memset_query             0000000180002200 f   ntoskrnl:memset.obj
 0002:00000000       __imp_WdfLdrQueryInterface 0000000180003000     wdfldr:WDFLDR.SYS
 0002:00000008       __imp_WdfVersionUnbindClass 0000000180003008     wdfldr:WDFLDR.SYS
 0002:00000010       __imp_WdfVersionBindClass  0000000180003010     wdfldr:WDFLDR.SYS
 0002:00000018       __imp_WdfVersionUnbind     0000000180003018     wdfldr:WDFLDR.SYS
 0002:00000020       __imp_WdfVersionBind       0000000180003020     wdfldr:WDFLDR.SYS
 0002:00000028       \177WDFLDR_NULL_THUNK_DATA 0000000180003028     wdfldr:WDFLDR.SYS
 0002:00000030       __imp_KeGetCurrentIrql     0000000180003030     ntoskrnl:ntoskrnl.exe
 0002:00000038       __imp_RtlAssert            0000000180003038     ntoskrnl:ntoskrnl.exe
 0002:00000040       __imp_ExFreePoolWithTag    0000000180003040     ntoskrnl:ntoskrnl.exe
 0002:00000048       __imp_DbgPrint             0000000180003048     ntoskrnl:ntoskrnl.exe
 0002:00000050       __imp_ExAllocatePool2      0000000180003050     ntoskrnl:ntoskrnl.exe
 0002:00000058       __imp_RtlCopyUnicodeString 0000000180003058     ntoskrnl:ntoskrnl.exe
 0002:00000060       __imp_DbgPrintEx           0000000180003060     ntoskrnl:ntoskrnl.exe
 0002:00000068       \177ntoskrnl_NULL_THUNK_DATA 0000000180003068     ntoskrnl:ntoskrnl.exe
 0002:00000070       __guard_check_icall_fptr   0000000180003070     libcntpr:guard_support.obj
 0002:00000078       __guard_dispatch_icall_fptr 0000000180003078     libcntpr:guard_support.obj
 0002:00000080       __guard_xfg_check_icall_fptr 0000000180003080     libcntpr:guard_support.obj
 0002:00000088       __guard_xfg_dispatch_icall_fptr 0000000180003088     libcntpr:guard_support.obj
 0002:00000090       __guard_xfg_table_dispatch_icall_fptr 0000000180003090     libcntpr:guard_support.obj
 0002:00000098       __castguard_check_failure_os_handled_fptr 0000000180003098     libcntpr:guard_support.obj
 0002:000000a0       ??_C@_1BI@BJCKEEDJ@?$AAK?$AAm?$AAd?$AAf?$AAL?$AAi?$AAb?$AAr?$AAa?$AAr?$AAy@ 00000001800030a0     wdfdriverentry:stub.obj
 0002:000000b8       ??_C@_0CI@FGGECOFJ@DriverEntry?5failed?50x?$CFx?5for?5dri@ 00000001800030b8     wdfdriverentry:stub.obj
 0002:000000e0       GUID_WDF_LOADER_INTERFACE_DRIVER_ENTRY_FAILURE 00000001800030e0     wdfdriverentry:stub.obj
 0002:000000f0       ??_C@_0KH@DJLKAFDB@FxStubInitTypes?3?5invalid?5driver@ 00000001800030f0     wdfdriverentry:inittypes.obj
 0002:00000198       ??_C@_0CH@JKHNJGFB@FxGetNextObjectContextTypeInfo?5@ 0000000180003198     wdfdriverentry:inittypes.obj
 0002:000001c0       ??_C@_0KL@EAFAJNMK@FxStubBindClasses?3?5invalid?5driv@ 00000001800031c0     wdfdriverentry:classbind.obj
 0002:00000270       ??_C@_0BP@CNINNJGL@FxGetNextClassBindInfo?5failed?6@ 0000000180003270     wdfdriverentry:classbind.obj
 0002:00000290       ??_C@_0GB@LEIJHLCM@FxStubBindClasses?3?5ClientBindCl@ 0000000180003290     wdfdriverentry:classbind.obj
 0002:00000300       ??_C@_0FO@DJFFLMAP@FxStubBindClasses?3?5VersionBindC@ 0000000180003300     wdfdriverentry:classbind.obj
 0002:00000360       ??_C@_0P@MOOEKOCE@DEVICE_CONTEXT@ 0000000180003360     device.obj
 0002:00000370       ??_C@_0O@JJGFGKK@QUEUE_CONTEXT@ 0000000180003370     device.obj
 0002:00000380       ??_C@_0BA@KCMKGMFM@REQUEST_CONTEXT@ 0000000180003380     device.obj
 0002:00000390       ??_C@_0CH@PALKPAFL@?9?9?$DO?5EchoEvtDeviceSelfManagedIoS@ 0000000180003390     device.obj
 0002:000003b8       ??_C@_0CH@LFNIDHDJ@?$DM?9?9?5EchoEvtDeviceSelfManagedIoS@ 00000001800033b8     device.obj
 0002:000003e0       ??_C@_0CE@HDGEDKOC@?9?9?$DO?5EchoEvtDeviceSelfManagedIoI@ 00000001800033e0     device.obj
 0002:00000408       ??_C@_0CE@EPGFGGNC@?$DM?9?9?5EchoEvtDeviceSelfManagedIoI@ 0000000180003408     device.obj
 0002:00000430       _GUID_cdc35b6e_0be4_4936_bf5f_5537380a7c1a 0000000180003430     device.obj
 0002:00000440       ??_C@_0BJ@PHFBAMGA@Enter?5?5EchoEvtDeviceAdd?6@ 0000000180003440     driver.obj
 0002:00000460       ??_C@_0M@GIPELPKM@DriverEntry@ 0000000180003460     driver.obj
 0002:00000470       ??_C@_0N@HMLCOLLA@?$CFs?$CI?$CFp?0?5?$CFwZ?$CJ?6@ 0000000180003470     driver.obj
 0002:00000480       ??_C@_0CE@LOLBOGEL@Error?3?5WdfDriverCreate?5failed?50@ 0000000180003480     driver.obj
 0002:000004a8       ??_C@_0CE@GDANADFF@Error?3?5WdfStringCreate?5failed?50@ 00000001800034a8     driver.obj
 0002:000004d0       ??_C@_0DD@MADOBAHC@Error?3?5WdfDriverRetrieveVersion@ 00000001800034d0     driver.obj
 0002:00000508       ??_C@_0BB@FIJPGCCN@Echo?5Sample?5?$CFwZ?6@ 0000000180003508     driver.obj
 0002:00000520       ??_C@_0BP@LEMNMGLB@Yes?0?5framework?5version?5is?51?40?6@ 0000000180003520     driver.obj
 0002:00000540       ??_C@_0CC@LIIHPAHO@No?0?5framework?5verison?5is?5not?51?4@ 0000000180003540     driver.obj
 0002:00000568       ??_C@_0BO@MEAIOFOK@WdfIoQueueCreate?5failed?50x?$CFx?6@ 0000000180003568     queue.obj
 0002:00000588       ??_C@_0BP@BBJAEPAN@WdfSpinLockCreate?5failed?50x?$CFx?6@ 0000000180003588     queue.obj
 0002:000005a8       ??_C@_0BL@IEANJLIB@Error?5creating?5timer?50x?$CFx?6@ 00000001800035a8     queue.obj
 0002:000005c8       ??_C@_0DI@BJANOKEM@C?3?2Users?2Harry?2Documents?2GitHub@ 00000001800035c8     queue.obj
 0002:00000600       ??_C@_0M@KJAGLGPC@result?5?$DO?$DN?50@ 0000000180003600     queue.obj
 0002:00000610       ??_C@_0CN@DKAGDNJB@EchoEvtRequestCancel?5called?5on?5@ 0000000180003610     queue.obj
 0002:00000640       ??_C@_0CI@GPIKDNPB@queueContext?9?$DOCurrentRequest?5?$DN?$DN@ 0000000180003640     queue.obj
 0002:00000668       ??_C@_0DL@JHBFNBEE@EchoEvtIoRead?5Called?$CB?5Queue?50x?$CF@ 0000000180003668     queue.obj
 0002:000006a8       ??_C@_0DI@OHMHHGOM@EchoEvtIoRead?5Could?5not?5get?5req@ 00000001800036a8     queue.obj
 0002:000006e0       ??_C@_0DE@KKLHKAGA@EchoEvtIoRead?3?5WdfMemoryCopyFro@ 00000001800036e0     queue.obj
 0002:00000718       ??_C@_0DM@EMEAMJIF@EchoEvtIoWrite?5Called?$CB?5Queue?50x@ 0000000180003718     queue.obj
 0002:00000758       ??_C@_0DE@EGABHAOI@EchoEvtIoWrite?5Buffer?5Length?5to@ 0000000180003758     queue.obj
 0002:00000790       ??_C@_0DJ@PBCOLHEA@EchoEvtIoWrite?5Could?5not?5get?5re@ 0000000180003790     queue.obj
 0002:000007d0       ??_C@_0DE@PBLEBJPE@EchoEvtIoWrite?3?5Could?5not?5alloc@ 00000001800037d0     queue.obj
 0002:00000808       ??_C@_0DC@BICNFDJO@EchoEvtIoWrite?5WdfMemoryCopyToB@ 0000000180003808     queue.obj
 0002:00000840       ??_C@_0FC@MHEOLHKL@CustomTimerDPC?5successfully?5cle@ 0000000180003840     queue.obj
 0002:00000898       ??_C@_0DE@HNFIJGBB@requestContext?9?$DOCancelCompletio@ 0000000180003898     queue.obj
 0002:000008d0       ??_C@_0FD@IMJDCCJI@CustomTimerDPC?5Request?50x?$CFp?5is?5@ 00000001800038d0     queue.obj
 0002:00000930       ??_C@_0EA@LJHDPLHE@CustomTimerDPC?5Request?50x?$CFp?5is?5@ 0000000180003930     queue.obj
 0002:00000970       ??_C@_0DG@JKOHKBM@CustomTimerDPC?5Completing?5reque@ 0000000180003970     queue.obj
 0002:000009b0       _load_config_used          00000001800039b0     bufferoverflowfastfailk:loadcfg.obj
 0003:00000000       __security_cookie          0000000180004000     bufferoverflowfastfailk:gs_support.obj
 0003:00000008       __security_cookie_complement 0000000180004008     bufferoverflowfastfailk:gs_support.obj
 0003:00000010       WdfStructureCount          0000000180004010     wdfdriverentry:stub.obj
 0003:00000078       WdfFunctionCount           0000000180004078     wdfdriverentry:stub.obj
 0003:00000080       _WDF_REQUEST_CONTEXT_TYPE_INFO 0000000180004080     device.obj
 0003:000000a8       _WDF_QUEUE_CONTEXT_TYPE_INFO 00000001800040a8     device.obj
 0003:000000d0       _WDF_DEVICE_CONTEXT_TYPE_INFO 00000001800040d0     device.obj
 0003:000000f8       WdfMinimumVersionRequired  00000001800040f8     stdafx.obj
 0003:00000100       __isa_info                 0000000180004100     ntoskrnl:cpuinfo.obj
 0003:00000110       ?__KMDF_CLASS_BIND_START@@3U_MARKER_TYPE@@A 0000000180004110     wdfdriverentry:classbind.obj
 0003:00000120       ?__KMDF_CLASS_BIND_END@@3PEAXEA 0000000180004120     wdfdriverentry:classbind.obj
 0003:00000130       ?__KMDF_TYPE_INIT_START@@3U_MARKER_TYPE@@A 0000000180004130     wdfdriverentry:inittypes.obj
 0003:00000140       ?__KMDF_TYPE_INIT_END@@3PEAXEA 0000000180004140     wdfdriverentry:inittypes.obj
 0003:00000150       WdfStructures              0000000180004150     wdfdriverentry:stub.obj
 0003:00000368       WdfFunctions_01031         0000000180004368     wdfdriverentry:stub.obj
 0003:00000370       WdfDriverMiniportUnloadOverride 0000000180004370     wdfdriverentry:stub.obj
 0003:00000378       WdfClientVersionHigherThanFramework 0000000180004378     wdfdriverentry:stub.obj
 0003:00000380       typeWDF_IFR_HEADER         0000000180004380     wdfdriverentry:stub.obj
 0003:00000398       WdfDriverGlobals           0000000180004398     wdfdriverentry:stub.obj
 0003:000003b0       __@@_PchSym_@00@UfhvihUsziibUwlxfnvmghUtrgsfyUgoRgzhpUgnkUcGEUivovzhvUpnwuRAAUhgwzucOlyq@4B2008FD98C1DD4 00000001800043b0     stdafx.obj
 0005:00000000       ?EchoDeviceCreate@@YAJPEAUWDFDEVICE_INIT@@@Z 0000000180006000 f   device.obj
 0005:000001f8       ?EchoEvtDeviceSelfManagedIoSuspend@@YAJPEAUWDFDEVICE__@@@Z 00000001800061f8 f   device.obj
 0005:000002c8       ?EchoEvtDeviceAdd@@YAJPEAUWDFDRIVER__@@PEAUWDFDEVICE_INIT@@@Z 00000001800062c8 f   driver.obj
 0005:000002f8       ?EchoQueueInitialize@@YAJPEAUWDFDEVICE__@@@Z 00000001800062f8 f   queue.obj
 0005:00000528       ?EchoTimerCreate@@YAJPEAPEAUWDFTIMER__@@KPEAUWDFQUEUE__@@@Z 0000000180006528 f   queue.obj
 0006:00000000       DriverEntry                0000000180007000 f   driver.obj
 0006:000000d4       ?EchoPrintDriverVersion@@YAJXZ 00000001800070d4 f   driver.obj
 0006:00000230       __security_init_cookie     0000000180007230 f   bufferoverflowfastfailk:gs_support.obj
 0006:00000260       __IMPORT_DESCRIPTOR_ntoskrnl 0000000180007260     ntoskrnl:ntoskrnl.exe
 0006:00000274       __IMPORT_DESCRIPTOR_WDFLDR 0000000180007274     wdfldr:WDFLDR.SYS
 0006:00000288       __NULL_IMPORT_DESCRIPTOR   0000000180007288     ntoskrnl:ntoskrnl.exe

 entry point at        0001:00000994

 Static symbols

 0000:ffff7000       .debug$S                   0000000180000000     ntoskrnl:ntoskrnl.exe
 0000:ffff7000       .debug$S                   0000000180000000     ntoskrnl:ntoskrnl.exe
 0000:ffff7000       .debug$S                   0000000180000000     ntoskrnl:ntoskrnl.exe
 0000:ffff7000       .debug$S                   0000000180000000     ntoskrnl:ntoskrnl.exe
 0000:ffff7000       .debug$S                   0000000180000000     ntoskrnl:ntoskrnl.exe
 0000:ffff7000       .debug$S                   0000000180000000     ntoskrnl:ntoskrnl.exe
 0000:ffff7000       .debug$S                   0000000180000000     ntoskrnl:ntoskrnl.exe
 0000:ffff7000       .debug$S                   0000000180000000     wdfldr:WDFLDR.SYS
 0000:ffff7000       .debug$S                   0000000180000000     wdfldr:WDFLDR.SYS
 0000:ffff7000       .debug$S                   0000000180000000     wdfldr:WDFLDR.SYS
 0000:ffff7000       .debug$S                   0000000180000000     wdfldr:WDFLDR.SYS
 0000:ffff7000       .debug$S                   0000000180000000     wdfldr:WDFLDR.SYS
 0001:000008d0       $$000000                   00000001800018d0     bufferoverflowfastfailk:amdsecgs.obj
 0001:00001000       $$000000                   0000000180002000     libcntpr:guard_dispatch.obj
 0001:00001020       $$000000                   0000000180002020     libcntpr:guard_xfg_dispatch.obj
 0001:00001040       $$000000                   0000000180002040     ntoskrnl:memset.obj
 0001:00001062       mset10                     0000000180002062     ntoskrnl:memset.obj
 0001:00001078       mset20                     0000000180002078     ntoskrnl:memset.obj
 0001:000010a1       mset30                     00000001800020a1     ntoskrnl:memset.obj
 0001:000010d0       mset45                     00000001800020d0     ntoskrnl:memset.obj
 0001:000010d6       mset46                     00000001800020d6     ntoskrnl:memset.obj
 0001:00001100       mset47                     0000000180002100     ntoskrnl:memset.obj
 0001:00001130       mset48                     0000000180002130     ntoskrnl:memset.obj
 0001:00001146       mset50                     0000000180002146     ntoskrnl:memset.obj
 0001:00001180       $$000000                   0000000180002180     ntoskrnl:memset.obj
 0001:0000118a       repmovs10                  000000018000218a     ntoskrnl:memset.obj
 0001:000011bc       repmovs20                  00000001800021bc     ntoskrnl:memset.obj
 0001:00001200       $$000000                   0000000180002200     ntoskrnl:memset.obj
 0002:00000bf0       $unwind$?EchoDeviceCreate@@YAJPEAUWDFDEVICE_INIT@@@Z 0000000180003bf0     device.obj
 0002:00000bfc       $unwind$?EchoEvtDeviceSelfManagedIoStart@@YAJPEAUWDFDEVICE__@@@Z 0000000180003bfc     device.obj
 0002:00000bfc       $unwind$?EchoEvtDeviceSelfManagedIoSuspend@@YAJPEAUWDFDEVICE__@@@Z 0000000180003bfc     device.obj
 0002:00000c08       $unwind$?EchoEvtDeviceAdd@@YAJPEAUWDFDRIVER__@@PEAUWDFDEVICE_INIT@@@Z 0000000180003c08     driver.obj
 0002:00000c08       $unwind$?EchoEvtIoQueueContextDestroy@@YAXPEAX@Z 0000000180003c08     queue.obj
 0002:00000c10       $unwind$DriverEntry        0000000180003c10     driver.obj
 0002:00000c1c       $unwind$?EchoPrintDriverVersion@@YAJXZ 0000000180003c1c     driver.obj
 0002:00000c30       $unwind$?EchoQueueInitialize@@YAJPEAUWDFDEVICE__@@@Z 0000000180003c30     queue.obj
 0002:00000c48       $unwind$?EchoTimerCreate@@YAJPEAPEAUWDFTIMER__@@KPEAUWDFQUEUE__@@@Z 0000000180003c48     queue.obj
 0002:00000c58       $unwind$?EchoEvtRequestCancel@@YAXPEAUWDFREQUEST__@@@Z 0000000180003c58     queue.obj
 0002:00000c58       $unwind$?EchoSetCurrentRequest@@YAXPEAUWDFREQUEST__@@PEAUWDFQUEUE__@@@Z 0000000180003c58     queue.obj
 0002:00000c68       $unwind$?EchoEvtIoRead@@YAXPEAUWDFQUEUE__@@PEAUWDFREQUEST__@@_K@Z 0000000180003c68     queue.obj
 0002:00000c68       $unwind$?EchoEvtIoWrite@@YAXPEAUWDFQUEUE__@@PEAUWDFREQUEST__@@_K@Z 0000000180003c68     queue.obj
 0002:00000c7c       $unwind$?EchoEvtTimerFunc@@YAXPEAUWDFTIMER__@@@Z 0000000180003c7c     queue.obj
 0002:00000c90       $xdatasym                  0000000180003c90     bufferoverflowfastfailk:amdsecgs.obj
 0002:00000c94       $unwind$?FxStubDriverEntryFailure@@YAXXZ 0000000180003c94     wdfdriverentry:stub.obj
 0002:00000ca0       $unwind$FxDriverEntryWorker 0000000180003ca0     wdfdriverentry:stub.obj
 0002:00000cbc       $unwind$FxDriverEntry      0000000180003cbc     wdfdriverentry:stub.obj
 0002:00000ccc       $unwind$__GSHandlerCheck   0000000180003ccc     ntoskrnl:gshandler.obj
 0002:00000ccc       $unwind$__GSHandlerCheckCommon 0000000180003ccc     ntoskrnl:gshandler.obj
 0002:00000ccc       $unwind$?FxStubDriverUnloadCommon@@YAXXZ 0000000180003ccc     wdfdriverentry:stub.obj
 0002:00000ccc       $unwind$FxStubDriverMiniportUnload 0000000180003ccc     wdfdriverentry:stub.obj
 0002:00000ccc       $unwind$FxStubDriverUnload 0000000180003ccc     wdfdriverentry:stub.obj
 0002:00000cd8       $unwind$?FxStubInitTypes@@YAJXZ 0000000180003cd8     wdfdriverentry:inittypes.obj
 0002:00000ce8       $unwind$?FxStubUnbindClasses@@YAXPEAU_WDF_BIND_INFO@@@Z 0000000180003ce8     wdfdriverentry:classbind.obj
 0002:00000cfc       $unwind$?FxStubBindClasses@@YAJPEAU_WDF_BIND_INFO@@@Z 0000000180003cfc     wdfdriverentry:classbind.obj
 0002:00000d18       $xdatasym                  0000000180003d18     libcntpr:guard_dispatch.obj
 0002:00000d20       $xdatasym                  0000000180003d20     libcntpr:guard_xfg_dispatch.obj
 0002:00000d28       $xdatasym$memset           0000000180003d28     ntoskrnl:memset.obj
 0002:00000d30       $xdatasym$__memset_repmovs 0000000180003d30     ntoskrnl:memset.obj
 0002:00000d40       $xdatasym$__memset_query   0000000180003d40     ntoskrnl:memset.obj
 0002:00000d54       $unwind$__cpu_features_init 0000000180003d54     ntoskrnl:cpuinfo.obj
 0003:00000020       WdfBindInfo                0000000180004020     wdfdriverentry:stub.obj
 0003:00000128       ?__KMDF_CLASS_BIND_LAST_BOUND@@3PEAU_WDF_CLASS_BIND_INFO@@EA 0000000180004128     wdfdriverentry:classbind.obj
 0003:00000160       WdfDriverStubRegistryPathBuffer 0000000180004160     wdfdriverentry:stub.obj
 0003:00000388       WdfDriverStubRegistryPath  0000000180004388     wdfdriverentry:stub.obj
 0003:000003a0       WdfDriverStubDriverObject  00000001800043a0     wdfdriverentry:stub.obj
 0003:000003a8       WdfDriverStubDisplacedDriverUnload 00000001800043a8     wdfdriverentry:stub.obj
 0006:00000362       .idata$6                   0000000180007362     ntoskrnl:ntoskrnl.exe
 0006:000003dc       .idata$6                   00000001800073dc     wdfldr:WDFLDR.SYS
