 kmdf-00

 Timestamp is 6835daeb (Tue May 27 18:31:55 2025)

 Preferred load address is 0000000180000000

 Start         Length     Name                   Class
 0001:00000000 000000c8H .text                   CODE
 0001:000000c8 000011a0H .text$mn                CODE
 0001:00001268 0000028eH .text$s                 CODE
 0002:00000000 00000078H .idata$5                DATA
 0002:00000078 00000018H .00cfg                  DATA
 0002:00000090 00000000H .gfids$y                DATA
 0002:00000090 00000870H .rdata                  DATA
 0002:00000900 00000000H .rdata$CastGuardVftablesA DATA
 0002:00000900 00000000H .rdata$CastGuardVftablesC DATA
 0002:00000900 00000070H .rdata$zzzdbg           DATA
 0002:00000970 0000008cH .xdata                  DATA
 0003:00000000 00000100H .data                   DATA
 0003:00000100 00000010H .kmdfclassbind$a        DATA
 0003:00000110 00000008H .kmdfclassbind$c        DATA
 0003:00000118 00000008H .kmdfclassbind$d        DATA
 0003:00000120 00000010H .kmdftypeinit$a         DATA
 0003:00000130 00000010H .kmdftypeinit$c         DATA
 0003:00000140 00000264H .bss                    DATA
 0004:00000000 000000d0H .pdata                  DATA
 0005:00000000 000005dcH PAGE                    CODE
 0006:00000000 00000260H INIT                    CODE
 0006:00000260 0000003cH .idata$2                CODE
 0006:0000029c 00000014H .idata$3                CODE
 0006:000002b0 00000078H .idata$4                CODE
 0006:00000328 00000106H .idata$6                CODE

  Address         Publics by Value              Rva+Base               Lib:Object

 0000:00000000       __AbsoluteZero             0000000000000000     <absolute>
 0000:00000000       __arm64x_extra_rfe_table   0000000000000000     <absolute>
 0000:00000000       __arm64x_extra_rfe_table_size 0000000000000000     <absolute>
 0000:00000000       __arm64x_native_entrypoint 0000000000000000     <absolute>
 0000:00000000       __arm64x_redirection_metadata 0000000000000000     <absolute>
 0000:00000000       __arm64x_redirection_metadata_count 0000000000000000     <absolute>
 0000:00000000       __dynamic_value_reloc_table 0000000000000000     <absolute>
 0000:00000000       __enclave_config           0000000000000000     <absolute>
 0000:00000000       __guard_check_icall_a64n_fptr 0000000000000000     <absolute>
 0000:00000000       __guard_eh_cont_count      0000000000000000     <absolute>
 0000:00000000       __guard_eh_cont_table      0000000000000000     <absolute>
 0000:00000000       __guard_fids_count         0000000000000000     <absolute>
 0000:00000000       __guard_fids_table         0000000000000000     <absolute>
 0000:00000000       __guard_iat_count          0000000000000000     <absolute>
 0000:00000000       __guard_iat_table          0000000000000000     <absolute>
 0000:00000000       __guard_longjmp_count      0000000000000000     <absolute>
 0000:00000000       __guard_longjmp_table      0000000000000000     <absolute>
 0000:00000000       __hybrid_auxiliary_delayload_iat 0000000000000000     <absolute>
 0000:00000000       __hybrid_auxiliary_delayload_iat_copy 0000000000000000     <absolute>
 0000:00000000       __hybrid_auxiliary_iat     0000000000000000     <absolute>
 0000:00000000       __hybrid_auxiliary_iat_copy 0000000000000000     <absolute>
 0000:00000000       __hybrid_code_map          0000000000000000     <absolute>
 0000:00000000       __hybrid_code_map_count    0000000000000000     <absolute>
 0000:00000000       __hybrid_image_info_bitfield 0000000000000000     <absolute>
 0000:00000000       __volatile_metadata        0000000000000000     <absolute>
 0000:00000000       __x64_code_ranges_to_entry_points 0000000000000000     <absolute>
 0000:00000000       __x64_code_ranges_to_entry_points_count 0000000000000000     <absolute>
 0000:00000100       __guard_flags              0000000000000100     <absolute>
 0001:00000000       __security_check_cookie    0000000180001000 f   bufferoverflowfastfailk:arm64secgs.obj
 0001:00000020       __gsfailure                0000000180001020 f   bufferoverflowfastfailk:arm64secgs.obj
 0001:00000050       _guard_dispatch_icall_nop  0000000180001050 f   libcntpr:guard_dispatch.obj
 0001:00000060       __security_push_cookie     0000000180001060 f   libcntpr:secpushpop.obj
 0001:00000080       __security_pop_cookie      0000000180001080 f   libcntpr:secpushpop.obj
 0001:000000b0       __ppgsfailure              00000001800010b0 f   libcntpr:secpushpop.obj
 0001:000000c8       ?EchoEvtDeviceSelfManagedIoStart@@YAJPEAUWDFDEVICE__@@@Z 00000001800010c8 f   device.obj
 0001:00000198       ?EchoEvtIoQueueContextDestroy@@YAXPEAX@Z 0000000180001198 f   queue.obj
 0001:000001f0       ?EchoDecrementRequestCancelOwnershipCount@@YAEPEAU_REQUEST_CONTEXT@@@Z 00000001800011f0 f   queue.obj
 0001:00000250       ?EchoEvtRequestCancel@@YAXPEAUWDFREQUEST__@@@Z 0000000180001250 f   queue.obj
 0001:00000390       ?EchoSetCurrentRequest@@YAXPEAUWDFREQUEST__@@PEAUWDFQUEUE__@@@Z 0000000180001390 f   queue.obj
 0001:00000480       ?EchoEvtIoRead@@YAXPEAUWDFQUEUE__@@PEAUWDFREQUEST__@@_K@Z 0000000180001480 f   queue.obj
 0001:00000608       ?EchoEvtIoWrite@@YAXPEAUWDFQUEUE__@@PEAUWDFREQUEST__@@_K@Z 0000000180001608 f   queue.obj
 0001:00000838       ?EchoEvtTimerFunc@@YAXPEAUWDFTIMER__@@@Z 0000000180001838 f   queue.obj
 0001:00000a60       __report_gsfailure         0000000180001a60 f   bufferoverflowfastfailk:gs_report.obj
 0001:00000a70       ?FxStubDriverEntryFailure@@YAXXZ 0000000180001a70 f   wdfdriverentry:stub.obj
 0001:00000ae8       ?FxStubDriverUnloadCommon@@YAXXZ 0000000180001ae8 f   wdfdriverentry:stub.obj
 0001:00000b30       FxDriverEntry              0000000180001b30 f   wdfdriverentry:stub.obj
 0001:00000b68       FxDriverEntryWorker        0000000180001b68 f   wdfdriverentry:stub.obj
 0001:00000cd0       FxStubDriverMiniportUnload 0000000180001cd0 f   wdfdriverentry:stub.obj
 0001:00000ce0       FxStubDriverUnload         0000000180001ce0 f   wdfdriverentry:stub.obj
 0001:00000d30       ?FxStubInitTypes@@YAJXZ    0000000180001d30 f   wdfdriverentry:inittypes.obj
 0001:00000e70       ?FxStubBindClasses@@YAJPEAU_WDF_BIND_INFO@@@Z 0000000180001e70 f   wdfdriverentry:classbind.obj
 0001:00001080       ?FxStubIsClassBound@@YAEXZ 0000000180002080 f   wdfdriverentry:classbind.obj
 0001:000010a0       ?FxStubUnbindClasses@@YAXPEAU_WDF_BIND_INFO@@@Z 00000001800020a0 f   wdfdriverentry:classbind.obj
 0001:000011dc       WdfVersionBind             00000001800021dc f   wdfldr:WDFLDR.SYS
 0001:000011e8       WdfLdrQueryInterface       00000001800021e8 f   wdfldr:WDFLDR.SYS
 0001:000011f4       WdfVersionUnbind           00000001800021f4 f   wdfldr:WDFLDR.SYS
 0001:00001200       WdfVersionBindClass        0000000180002200 f   wdfldr:WDFLDR.SYS
 0001:0000120c       WdfVersionUnbindClass      000000018000220c f   wdfldr:WDFLDR.SYS
 0001:00001218       _guard_check_icall_nop     0000000180002218 f i libcntpr:guard_check.obj
 0001:00001228       __GSHandlerCheck           0000000180002228 f   ntoskrnl:gshandler.obj
 0001:00001268       ??_C@_0CI@FGGECOFJ@DriverEntry?5failed?50x?$CFx?5for?5dri@FNODOBFM@ 0000000180002268     wdfdriverentry:stub.obj
 0001:00001290       ??_C@_0KH@DJLKAFDB@FxStubInitTypes?3?5invalid?5driver@FNODOBFM@ 0000000180002290     wdfdriverentry:inittypes.obj
 0001:00001338       ??_C@_0CH@JKHNJGFB@FxGetNextObjectContextTypeInfo?5@FNODOBFM@ 0000000180002338     wdfdriverentry:inittypes.obj
 0001:00001360       ??_C@_0KL@EAFAJNMK@FxStubBindClasses?3?5invalid?5driv@FNODOBFM@ 0000000180002360     wdfdriverentry:classbind.obj
 0001:00001410       ??_C@_0BP@CNINNJGL@FxGetNextClassBindInfo?5failed?6@FNODOBFM@ 0000000180002410     wdfdriverentry:classbind.obj
 0001:00001430       ??_C@_0GB@LEIJHLCM@FxStubBindClasses?3?5ClientBindCl@FNODOBFM@ 0000000180002430     wdfdriverentry:classbind.obj
 0001:00001498       ??_C@_0FO@DJFFLMAP@FxStubBindClasses?3?5VersionBindC@FNODOBFM@ 0000000180002498     wdfdriverentry:classbind.obj
 0002:00000000       __imp_KeGetCurrentIrql     0000000180003000     hal:HAL.dll
 0002:00000008       \177HAL_NULL_THUNK_DATA    0000000180003008     hal:HAL.dll
 0002:00000010       __imp_WdfVersionUnbindClass 0000000180003010     wdfldr:WDFLDR.SYS
 0002:00000018       __imp_WdfVersionBindClass  0000000180003018     wdfldr:WDFLDR.SYS
 0002:00000020       __imp_WdfLdrQueryInterface 0000000180003020     wdfldr:WDFLDR.SYS
 0002:00000028       __imp_WdfVersionBind       0000000180003028     wdfldr:WDFLDR.SYS
 0002:00000030       __imp_WdfVersionUnbind     0000000180003030     wdfldr:WDFLDR.SYS
 0002:00000038       \177WDFLDR_NULL_THUNK_DATA 0000000180003038     wdfldr:WDFLDR.SYS
 0002:00000040       __imp_RtlAssert            0000000180003040     ntoskrnl:ntoskrnl.exe
 0002:00000048       __imp_ExAllocatePool2      0000000180003048     ntoskrnl:ntoskrnl.exe
 0002:00000050       __imp_ExFreePoolWithTag    0000000180003050     ntoskrnl:ntoskrnl.exe
 0002:00000058       __imp_DbgPrint             0000000180003058     ntoskrnl:ntoskrnl.exe
 0002:00000060       __imp_RtlCopyUnicodeString 0000000180003060     ntoskrnl:ntoskrnl.exe
 0002:00000068       __imp_DbgPrintEx           0000000180003068     ntoskrnl:ntoskrnl.exe
 0002:00000070       \177ntoskrnl_NULL_THUNK_DATA 0000000180003070     ntoskrnl:ntoskrnl.exe
 0002:00000078       __guard_check_icall_fptr   0000000180003078     libcntpr:guard_support.obj
 0002:00000080       __guard_dispatch_icall_fptr 0000000180003080     libcntpr:guard_support.obj
 0002:00000088       __castguard_check_failure_os_handled_fptr 0000000180003088     libcntpr:guard_support.obj
 0002:00000090       ??_C@_1BI@BJCKEEDJ@?$AAK?$AAm?$AAd?$AAf?$AAL?$AAi?$AAb?$AAr?$AAa?$AAr?$AAy@ 0000000180003090     wdfdriverentry:stub.obj
 0002:000000a8       GUID_WDF_LOADER_INTERFACE_DRIVER_ENTRY_FAILURE 00000001800030a8     wdfdriverentry:stub.obj
 0002:000000b8       ??_C@_0P@MOOEKOCE@DEVICE_CONTEXT@ 00000001800030b8     device.obj
 0002:000000c8       ??_C@_0O@JJGFGKK@QUEUE_CONTEXT@ 00000001800030c8     device.obj
 0002:000000d8       ??_C@_0BA@KCMKGMFM@REQUEST_CONTEXT@ 00000001800030d8     device.obj
 0002:000000e8       ??_C@_0CH@PALKPAFL@?9?9?$DO?5EchoEvtDeviceSelfManagedIoS@ 00000001800030e8     device.obj
 0002:00000110       ??_C@_0CH@LFNIDHDJ@?$DM?9?9?5EchoEvtDeviceSelfManagedIoS@ 0000000180003110     device.obj
 0002:00000138       ??_C@_0CE@HDGEDKOC@?9?9?$DO?5EchoEvtDeviceSelfManagedIoI@ 0000000180003138     device.obj
 0002:00000160       ??_C@_0CE@EPGFGGNC@?$DM?9?9?5EchoEvtDeviceSelfManagedIoI@ 0000000180003160     device.obj
 0002:00000188       _GUID_cdc35b6e_0be4_4936_bf5f_5537380a7c1a 0000000180003188     device.obj
 0002:00000198       ??_C@_0BJ@PHFBAMGA@Enter?5?5EchoEvtDeviceAdd?6@ 0000000180003198     driver.obj
 0002:000001b8       ??_C@_0M@GIPELPKM@DriverEntry@ 00000001800031b8     driver.obj
 0002:000001c8       ??_C@_0N@HMLCOLLA@?$CFs?$CI?$CFp?0?5?$CFwZ?$CJ?6@ 00000001800031c8     driver.obj
 0002:000001d8       ??_C@_0CE@LOLBOGEL@Error?3?5WdfDriverCreate?5failed?50@ 00000001800031d8     driver.obj
 0002:00000200       ??_C@_0CE@GDANADFF@Error?3?5WdfStringCreate?5failed?50@ 0000000180003200     driver.obj
 0002:00000228       ??_C@_0DD@MADOBAHC@Error?3?5WdfDriverRetrieveVersion@ 0000000180003228     driver.obj
 0002:00000260       ??_C@_0BB@FIJPGCCN@Echo?5Sample?5?$CFwZ?6@ 0000000180003260     driver.obj
 0002:00000278       ??_C@_0BP@LEMNMGLB@Yes?0?5framework?5version?5is?51?40?6@ 0000000180003278     driver.obj
 0002:00000298       ??_C@_0CC@LIIHPAHO@No?0?5framework?5verison?5is?5not?51?4@ 0000000180003298     driver.obj
 0002:000002c0       ??_C@_0BO@MEAIOFOK@WdfIoQueueCreate?5failed?50x?$CFx?6@ 00000001800032c0     queue.obj
 0002:000002e0       ??_C@_0BP@BBJAEPAN@WdfSpinLockCreate?5failed?50x?$CFx?6@ 00000001800032e0     queue.obj
 0002:00000300       ??_C@_0BL@IEANJLIB@Error?5creating?5timer?50x?$CFx?6@ 0000000180003300     queue.obj
 0002:00000320       ??_C@_0DI@BJANOKEM@C?3?2Users?2Harry?2Documents?2GitHub@ 0000000180003320     queue.obj
 0002:00000358       ??_C@_0M@KJAGLGPC@result?5?$DO?$DN?50@ 0000000180003358     queue.obj
 0002:00000368       ??_C@_0CN@DKAGDNJB@EchoEvtRequestCancel?5called?5on?5@ 0000000180003368     queue.obj
 0002:00000398       ??_C@_0CI@GPIKDNPB@queueContext?9?$DOCurrentRequest?5?$DN?$DN@ 0000000180003398     queue.obj
 0002:000003c0       ??_C@_0DL@JHBFNBEE@EchoEvtIoRead?5Called?$CB?5Queue?50x?$CF@ 00000001800033c0     queue.obj
 0002:00000400       ??_C@_0DI@OHMHHGOM@EchoEvtIoRead?5Could?5not?5get?5req@ 0000000180003400     queue.obj
 0002:00000438       ??_C@_0DE@KKLHKAGA@EchoEvtIoRead?3?5WdfMemoryCopyFro@ 0000000180003438     queue.obj
 0002:00000470       ??_C@_0DM@EMEAMJIF@EchoEvtIoWrite?5Called?$CB?5Queue?50x@ 0000000180003470     queue.obj
 0002:000004b0       ??_C@_0DE@EGABHAOI@EchoEvtIoWrite?5Buffer?5Length?5to@ 00000001800034b0     queue.obj
 0002:000004e8       ??_C@_0DJ@PBCOLHEA@EchoEvtIoWrite?5Could?5not?5get?5re@ 00000001800034e8     queue.obj
 0002:00000528       ??_C@_0DE@PBLEBJPE@EchoEvtIoWrite?3?5Could?5not?5alloc@ 0000000180003528     queue.obj
 0002:00000560       ??_C@_0DC@BICNFDJO@EchoEvtIoWrite?5WdfMemoryCopyToB@ 0000000180003560     queue.obj
 0002:000005a0       ??_C@_0FC@MHEOLHKL@CustomTimerDPC?5successfully?5cle@ 00000001800035a0     queue.obj
 0002:000005f8       ??_C@_0DE@HNFIJGBB@requestContext?9?$DOCancelCompletio@ 00000001800035f8     queue.obj
 0002:00000630       ??_C@_0FD@IMJDCCJI@CustomTimerDPC?5Request?50x?$CFp?5is?5@ 0000000180003630     queue.obj
 0002:00000690       ??_C@_0EA@LJHDPLHE@CustomTimerDPC?5Request?50x?$CFp?5is?5@ 0000000180003690     queue.obj
 0002:000006d0       ??_C@_0DG@JKOHKBM@CustomTimerDPC?5Completing?5reque@ 00000001800036d0     queue.obj
 0002:00000710       _load_config_used          0000000180003710     bufferoverflowfastfailk:loadcfg.obj
 0003:00000000       __security_cookie          0000000180004000     bufferoverflowfastfailk:gs_support.obj
 0003:00000008       __security_cookie_complement 0000000180004008     bufferoverflowfastfailk:gs_support.obj
 0003:00000010       WdfStructureCount          0000000180004010     wdfdriverentry:stub.obj
 0003:00000078       WdfFunctionCount           0000000180004078     wdfdriverentry:stub.obj
 0003:00000080       _WDF_REQUEST_CONTEXT_TYPE_INFO 0000000180004080     device.obj
 0003:000000a8       _WDF_QUEUE_CONTEXT_TYPE_INFO 00000001800040a8     device.obj
 0003:000000d0       _WDF_DEVICE_CONTEXT_TYPE_INFO 00000001800040d0     device.obj
 0003:000000f8       WdfMinimumVersionRequired  00000001800040f8     stdafx.obj
 0003:00000100       ?__KMDF_CLASS_BIND_START@@3U_MARKER_TYPE@@A 0000000180004100     wdfdriverentry:classbind.obj
 0003:00000110       ?__KMDF_CLASS_BIND_END@@3PEAXEA 0000000180004110     wdfdriverentry:classbind.obj
 0003:00000120       ?__KMDF_TYPE_INIT_START@@3U_MARKER_TYPE@@A 0000000180004120     wdfdriverentry:inittypes.obj
 0003:00000130       ?__KMDF_TYPE_INIT_END@@3PEAXEA 0000000180004130     wdfdriverentry:inittypes.obj
 0003:00000140       WdfStructures              0000000180004140     wdfdriverentry:stub.obj
 0003:00000358       WdfFunctions_01031         0000000180004358     wdfdriverentry:stub.obj
 0003:00000370       typeWDF_IFR_HEADER         0000000180004370     wdfdriverentry:stub.obj
 0003:00000378       WdfDriverMiniportUnloadOverride 0000000180004378     wdfdriverentry:stub.obj
 0003:00000380       WdfClientVersionHigherThanFramework 0000000180004380     wdfdriverentry:stub.obj
 0003:00000388       WdfDriverGlobals           0000000180004388     wdfdriverentry:stub.obj
 0003:000003a0       __@@_PchSym_@00@UfhvihUsziibUwlxfnvmghUtrgsfyUgoRgzhpUgnkUzinGEUivovzhvUpnwuRAAUhgwzucOlyq@4B2008FD98C1DD4 00000001800043a0     stdafx.obj
 0005:00000000       ?EchoEvtDeviceSelfManagedIoSuspend@@YAJPEAUWDFDEVICE__@@@Z 0000000180006000 f   device.obj
 0005:000000e8       ?EchoEvtDeviceAdd@@YAJPEAUWDFDRIVER__@@PEAUWDFDEVICE_INIT@@@Z 00000001800060e8 f   driver.obj
 0006:00000000       DriverEntry                0000000180007000 f   driver.obj
 0006:00000228       __security_init_cookie     0000000180007228 f   bufferoverflowfastfailk:gs_support.obj
 0006:00000260       __IMPORT_DESCRIPTOR_ntoskrnl 0000000180007260     ntoskrnl:ntoskrnl.exe
 0006:00000274       __IMPORT_DESCRIPTOR_WDFLDR 0000000180007274     wdfldr:WDFLDR.SYS
 0006:00000288       __IMPORT_DESCRIPTOR_HAL    0000000180007288     hal:HAL.dll
 0006:0000029c       __NULL_IMPORT_DESCRIPTOR   000000018000729c     ntoskrnl:ntoskrnl.exe

 entry point at        0001:00000b30

 Static symbols

 0000:ffff7000       .debug$S                   0000000180000000     hal:HAL.dll
 0000:ffff7000       .debug$S                   0000000180000000     ntoskrnl:ntoskrnl.exe
 0000:ffff7000       .debug$S                   0000000180000000     ntoskrnl:ntoskrnl.exe
 0000:ffff7000       .debug$S                   0000000180000000     ntoskrnl:ntoskrnl.exe
 0000:ffff7000       .debug$S                   0000000180000000     ntoskrnl:ntoskrnl.exe
 0000:ffff7000       .debug$S                   0000000180000000     ntoskrnl:ntoskrnl.exe
 0000:ffff7000       .debug$S                   0000000180000000     ntoskrnl:ntoskrnl.exe
 0000:ffff7000       .debug$S                   0000000180000000     wdfldr:WDFLDR.SYS
 0000:ffff7000       .debug$S                   0000000180000000     wdfldr:WDFLDR.SYS
 0000:ffff7000       .debug$S                   0000000180000000     wdfldr:WDFLDR.SYS
 0000:ffff7000       .debug$S                   0000000180000000     wdfldr:WDFLDR.SYS
 0000:ffff7000       .debug$S                   0000000180000000     wdfldr:WDFLDR.SYS
 0001:00000190       $LN20                      0000000180001190     device.obj
 0001:00000388       $LN29                      0000000180001388     queue.obj
 0001:00000828       $LN39                      0000000180001828     queue.obj
 0001:0000082c       $LN40                      000000018000182c     queue.obj
 0001:00000830       $LN41                      0000000180001830     queue.obj
 0001:00000a58       $LN66                      0000000180001a58     queue.obj
 0001:00000e68       $LN30                      0000000180001e68     wdfdriverentry:inittypes.obj
 0001:00001078       $LN39                      0000000180002078     wdfdriverentry:classbind.obj
 0002:00000970       $unwind$DriverEntry        0000000180003970     driver.obj
 0002:00000988       __security_check_cookie_xdata 0000000180003988     bufferoverflowfastfailk:arm64secgs.obj
 0002:00000990       __security_check_cookie_xdata_prolog 0000000180003990     bufferoverflowfastfailk:arm64secgs.obj
 0002:00000991       __security_check_cookie_xdata_epilog1 0000000180003991     bufferoverflowfastfailk:arm64secgs.obj
 0002:00000994       __gsfailure_xdata          0000000180003994     bufferoverflowfastfailk:arm64secgs.obj
 0002:00000994       __security_check_cookie_xdata_end 0000000180003994     bufferoverflowfastfailk:arm64secgs.obj
 0002:00000998       __gsfailure_xdata_prolog   0000000180003998     bufferoverflowfastfailk:arm64secgs.obj
 0002:0000099c       __gsfailure_xdata_end      000000018000399c     bufferoverflowfastfailk:arm64secgs.obj
 0002:0000099c       $unwind$FxDriverEntryWorker 000000018000399c     wdfdriverentry:stub.obj
 0002:000009b0       $unwind$?FxStubBindClasses@@YAJPEAU_WDF_BIND_INFO@@@Z 00000001800039b0     wdfdriverentry:classbind.obj
 0002:000009c8       _guard_dispatch_icall_nop_xdata 00000001800039c8     libcntpr:guard_dispatch.obj
 0002:000009cc       _guard_dispatch_icall_nop_xdata_prolog 00000001800039cc     libcntpr:guard_dispatch.obj
 0002:000009d0       __security_push_cookie_xdata 00000001800039d0     libcntpr:secpushpop.obj
 0002:000009d0       _guard_dispatch_icall_nop_xdata_end 00000001800039d0     libcntpr:guard_dispatch.obj
 0002:000009d8       __security_push_cookie_xdata_prolog 00000001800039d8     libcntpr:secpushpop.obj
 0002:000009da       __security_push_cookie_xdata_epilog1 00000001800039da     libcntpr:secpushpop.obj
 0002:000009dc       __security_pop_cookie_xdata 00000001800039dc     libcntpr:secpushpop.obj
 0002:000009dc       __security_push_cookie_xdata_end 00000001800039dc     libcntpr:secpushpop.obj
 0002:000009e4       __security_pop_cookie_xdata_prolog 00000001800039e4     libcntpr:secpushpop.obj
 0002:000009e5       __security_pop_cookie_xdata_epilog1 00000001800039e5     libcntpr:secpushpop.obj
 0002:000009ec       __ppgsfailure_xdata        00000001800039ec     libcntpr:secpushpop.obj
 0002:000009ec       __security_pop_cookie_xdata_end 00000001800039ec     libcntpr:secpushpop.obj
 0002:000009f4       __ppgsfailure_xdata_prolog 00000001800039f4     libcntpr:secpushpop.obj
 0002:000009f8       __ppgsfailure_xdata_epilog1 00000001800039f8     libcntpr:secpushpop.obj
 0002:000009fc       __ppgsfailure_xdata_end    00000001800039fc     libcntpr:secpushpop.obj
 0003:00000020       WdfBindInfo                0000000180004020     wdfdriverentry:stub.obj
 0003:00000118       ?__KMDF_CLASS_BIND_LAST_BOUND@@3PEAU_WDF_CLASS_BIND_INFO@@EA 0000000180004118     wdfdriverentry:classbind.obj
 0003:00000150       WdfDriverStubRegistryPathBuffer 0000000180004150     wdfdriverentry:stub.obj
 0003:00000360       WdfDriverStubRegistryPath  0000000180004360     wdfdriverentry:stub.obj
 0003:00000390       WdfDriverStubDriverObject  0000000180004390     wdfdriverentry:stub.obj
 0003:00000398       WdfDriverStubDisplacedDriverUnload 0000000180004398     wdfdriverentry:stub.obj
 0005:000005d0       $LN103                     00000001800065d0     driver.obj
 0005:000005d8       $LN104                     00000001800065d8     driver.obj
 0006:00000258       $LN10                      0000000180007258     bufferoverflowfastfailk:gs_support.obj
 0006:00000366       .idata$6                   0000000180007366     ntoskrnl:ntoskrnl.exe
 0006:000003e0       .idata$6                   00000001800073e0     wdfldr:WDFLDR.SYS
 0006:00000400       .idata$6                   0000000180007400     hal:HAL.dll
