 kmdf-00

 Timestamp is 6835db28 (Tue May 27 18:32:56 2025)

 Preferred load address is 10000000

 Start         Length     Name                   Class
 0001:00000000 00000b42H .text$mn                CODE
 0001:00000b42 00000284H .text$s                 CODE
 0002:00000000 00000040H .idata$5                DATA
 0002:00000040 00000010H .00cfg                  DATA
 0002:0000004c 00000000H .gfids$y                DATA
 0002:00000050 00000730H .rdata                  DATA
 0002:00000780 00000000H .rdata$CastGuardVftablesA DATA
 0002:00000780 00000000H .rdata$CastGuardVftablesC DATA
 0002:00000780 00000068H .rdata$zzzdbg           DATA
 0003:00000000 00000088H .data                   DATA
 0003:00000088 00000008H .kmdfclassbind$a        DATA
 0003:00000090 00000004H .kmdfclassbind$c        DATA
 0003:00000094 00000004H .kmdfclassbind$d        DATA
 0003:00000098 00000008H .kmdftypeinit$a         DATA
 0003:000000a0 00000008H .kmdftypeinit$c         DATA
 0003:000000a8 00000238H .bss                    DATA
 0004:00000000 00000533H PAGE                    CODE
 0005:00000000 000001e4H INIT                    CODE
 0005:000001e4 0000003cH .idata$2                CODE
 0005:00000220 00000014H .idata$3                CODE
 0005:00000234 00000040H .idata$4                CODE
 0005:00000274 00000110H .idata$6                CODE

  Address         Publics by Value              Rva+Base       Lib:Object

 0000:00000000       ___AbsoluteZero            00000000     <absolute>
 0000:00000000       ___arm64x_extra_rfe_table  00000000     <absolute>
 0000:00000000       ___arm64x_extra_rfe_table_size 00000000     <absolute>
 0000:00000000       ___arm64x_native_entrypoint 00000000     <absolute>
 0000:00000000       ___arm64x_redirection_metadata 00000000     <absolute>
 0000:00000000       ___arm64x_redirection_metadata_count 00000000     <absolute>
 0000:00000000       ___dynamic_value_reloc_table 00000000     <absolute>
 0000:00000000       ___enclave_config          00000000     <absolute>
 0000:00000000       ___guard_check_icall_a64n_fptr 00000000     <absolute>
 0000:00000000       ___guard_eh_cont_count     00000000     <absolute>
 0000:00000000       ___guard_eh_cont_table     00000000     <absolute>
 0000:00000000       ___guard_fids_count        00000000     <absolute>
 0000:00000000       ___guard_fids_table        00000000     <absolute>
 0000:00000000       ___guard_iat_count         00000000     <absolute>
 0000:00000000       ___guard_iat_table         00000000     <absolute>
 0000:00000000       ___guard_longjmp_count     00000000     <absolute>
 0000:00000000       ___guard_longjmp_table     00000000     <absolute>
 0000:00000000       ___hybrid_auxiliary_delayload_iat 00000000     <absolute>
 0000:00000000       ___hybrid_auxiliary_delayload_iat_copy 00000000     <absolute>
 0000:00000000       ___hybrid_auxiliary_iat    00000000     <absolute>
 0000:00000000       ___hybrid_auxiliary_iat_copy 00000000     <absolute>
 0000:00000000       ___hybrid_code_map         00000000     <absolute>
 0000:00000000       ___hybrid_code_map_count   00000000     <absolute>
 0000:00000000       ___hybrid_image_info_bitfield 00000000     <absolute>
 0000:00000000       ___safe_se_handler_count   00000000     <absolute>
 0000:00000000       ___safe_se_handler_table   00000000     <absolute>
 0000:00000000       ___volatile_metadata       00000000     <absolute>
 0000:00000000       ___x64_code_ranges_to_entry_points 00000000     <absolute>
 0000:00000000       ___x64_code_ranges_to_entry_points_count 00000000     <absolute>
 0000:00000100       ___guard_flags             00000100     <absolute>
 0001:00000000       ?EchoEvtDeviceSelfManagedIoStart@@YGJPAUWDFDEVICE__@@@Z 10001000 f   device.obj
 0001:0000009c       ?EchoEvtIoQueueContextDestroy@@YGXPAX@Z 1000109c f   queue.obj
 0001:000000d3       ?EchoDecrementRequestCancelOwnershipCount@@YGEPAU_REQUEST_CONTEXT@@@Z 100010d3 f   queue.obj
 0001:000000fd       ?EchoEvtRequestCancel@@YGXPAUWDFREQUEST__@@@Z 100010fd f   queue.obj
 0001:000001e9       ?EchoSetCurrentRequest@@YGXPAUWDFREQUEST__@@PAUWDFQUEUE__@@@Z 100011e9 f   queue.obj
 0001:000002a5       ?EchoEvtIoRead@@YGXPAUWDFQUEUE__@@PAUWDFREQUEST__@@I@Z 100012a5 f   queue.obj
 0001:000003c2       ?EchoEvtIoWrite@@YGXPAUWDFQUEUE__@@PAUWDFREQUEST__@@I@Z 100013c2 f   queue.obj
 0001:0000054a       ?EchoEvtTimerFunc@@YGXPAUWDFTIMER__@@@Z 1000154a f   queue.obj
 0001:000006c8       @__security_check_cookie@4 100016c8 f   bufferoverflowfastfailk:secchk.obj
 0001:000006d8       ___report_gsfailure        100016d8 f   bufferoverflowfastfailk:gs_report.obj
 0001:000006ea       ?FxStubDriverEntryFailure@@YGXXZ 100016ea f   wdfdriverentry:stub.obj
 0001:00000736       ?FxStubDriverUnloadCommon@@YGXXZ 10001736 f   wdfdriverentry:stub.obj
 0001:00000758       _FxDriverEntry@8           10001758 f   wdfdriverentry:stub.obj
 0001:00000768       _FxDriverEntryWorker@8     10001768 f   wdfdriverentry:stub.obj
 0001:00000856       _FxStubDriverMiniportUnload@8 10001856 f   wdfdriverentry:stub.obj
 0001:0000085e       _FxStubDriverUnload@4      1000185e f   wdfdriverentry:stub.obj
 0001:0000088e       ?FxGetNextObjectContextTypeInfo@@YGPAU_WDF_OBJECT_CONTEXT_TYPE_INFO@@PBEQAU1@@Z 1000188e f i wdfdriverentry:inittypes.obj
 0001:000008d6       ?FxStubInitTypes@@YGJXZ    100018d6 f   wdfdriverentry:inittypes.obj
 0001:00000956       ?FxStubBindClasses@@YGJPAU_WDF_BIND_INFO@@@Z 10001956 f   wdfdriverentry:classbind.obj
 0001:00000a3e       ?FxStubIsClassBound@@YGEXZ 10001a3e f   wdfdriverentry:classbind.obj
 0001:00000a4c       ?FxStubUnbindClasses@@YGXPAU_WDF_BIND_INFO@@@Z 10001a4c f   wdfdriverentry:classbind.obj
 0001:00000ac8       _FxGetNextClassBindInfo@8  10001ac8 f i wdfdriverentry:classbind.obj
 0001:00000b1a       _WdfVersionBind@16         10001b1a f   wdfldr:WDFLDR.SYS
 0001:00000b20       _WdfLdrQueryInterface@4    10001b20 f   wdfldr:WDFLDR.SYS
 0001:00000b26       _WdfVersionUnbind@12       10001b26 f   wdfldr:WDFLDR.SYS
 0001:00000b2c       _WdfVersionBindClass@12    10001b2c f   wdfldr:WDFLDR.SYS
 0001:00000b32       _WdfVersionUnbindClass@12  10001b32 f   wdfldr:WDFLDR.SYS
 0001:00000b38       @_guard_check_icall_nop@4  10001b38 f i libcntpr:guard_check.obj
 0001:00000b3b       _memset                    10001b3b f   ntoskrnl:ntoskrnl.exe
 0001:00000b42       ??_C@_0CI@FGGECOFJ@DriverEntry?5failed?50x?$CFx?5for?5dri@FNODOBFM@ 10001b42     wdfdriverentry:stub.obj
 0001:00000b6a       ??_C@_0KH@DJLKAFDB@FxStubInitTypes?3?5invalid?5driver@FNODOBFM@ 10001b6a     wdfdriverentry:inittypes.obj
 0001:00000c12       ??_C@_0CH@JKHNJGFB@FxGetNextObjectContextTypeInfo?5@FNODOBFM@ 10001c12     wdfdriverentry:inittypes.obj
 0001:00000c3a       ??_C@_0KL@EAFAJNMK@FxStubBindClasses?3?5invalid?5driv@FNODOBFM@ 10001c3a     wdfdriverentry:classbind.obj
 0001:00000ce6       ??_C@_0BP@CNINNJGL@FxGetNextClassBindInfo?5failed?6@FNODOBFM@ 10001ce6     wdfdriverentry:classbind.obj
 0001:00000d06       ??_C@_0GB@LEIJHLCM@FxStubBindClasses?3?5ClientBindCl@FNODOBFM@ 10001d06     wdfdriverentry:classbind.obj
 0001:00000d68       ??_C@_0FO@DJFFLMAP@FxStubBindClasses?3?5VersionBindC@FNODOBFM@ 10001d68     wdfdriverentry:classbind.obj
 0002:00000000       __imp__KeGetCurrentIrql@0  10002000     hal:HAL.dll
 0002:00000004       \177HAL_NULL_THUNK_DATA    10002004     hal:HAL.dll
 0002:00000008       __imp__WdfVersionUnbindClass@12 10002008     wdfldr:WDFLDR.SYS
 0002:0000000c       __imp__WdfVersionUnbind@12 1000200c     wdfldr:WDFLDR.SYS
 0002:00000010       __imp__WdfLdrQueryInterface@4 10002010     wdfldr:WDFLDR.SYS
 0002:00000014       __imp__WdfVersionBind@16   10002014     wdfldr:WDFLDR.SYS
 0002:00000018       __imp__WdfVersionBindClass@12 10002018     wdfldr:WDFLDR.SYS
 0002:0000001c       \177WDFLDR_NULL_THUNK_DATA 1000201c     wdfldr:WDFLDR.SYS
 0002:00000020       __imp__RtlAssert@16        10002020     ntoskrnl:ntoskrnl.exe
 0002:00000024       __imp__DbgPrint            10002024     ntoskrnl:ntoskrnl.exe
 0002:00000028       __imp__ExFreePoolWithTag@8 10002028     ntoskrnl:ntoskrnl.exe
 0002:0000002c       __imp__ExAllocatePool2@16  1000202c     ntoskrnl:ntoskrnl.exe
 0002:00000030       __imp__DbgPrintEx          10002030     ntoskrnl:ntoskrnl.exe
 0002:00000034       __imp__RtlCopyUnicodeString@8 10002034     ntoskrnl:ntoskrnl.exe
 0002:00000038       __imp__memset              10002038     ntoskrnl:ntoskrnl.exe
 0002:0000003c       \177ntoskrnl_NULL_THUNK_DATA 1000203c     ntoskrnl:ntoskrnl.exe
 0002:00000040       ___guard_check_icall_fptr  10002040     libcntpr:jbcxrval.obj
 0002:00000044       ___castguard_check_failure_os_handled_fptr 10002044     libcntpr:jbcxrval.obj
 0002:00000048       _GuardCheckLongJumpTargetImpl 10002048     libcntpr:jbcxrval.obj
 0002:00000050       ??_C@_1BI@BJCKEEDJ@?$AAK?$AAm?$AAd?$AAf?$AAL?$AAi?$AAb?$AAr?$AAa?$AAr?$AAy@ 10002050     wdfdriverentry:stub.obj
 0002:00000068       _GUID_WDF_LOADER_INTERFACE_DRIVER_ENTRY_FAILURE 10002068     wdfdriverentry:stub.obj
 0002:00000078       ??_C@_0P@MOOEKOCE@DEVICE_CONTEXT@ 10002078     device.obj
 0002:00000088       ??_C@_0O@JJGFGKK@QUEUE_CONTEXT@ 10002088     device.obj
 0002:00000098       ??_C@_0BA@KCMKGMFM@REQUEST_CONTEXT@ 10002098     device.obj
 0002:000000a8       ??_C@_0CH@PALKPAFL@?9?9?$DO?5EchoEvtDeviceSelfManagedIoS@ 100020a8     device.obj
 0002:000000d0       ??_C@_0CH@LFNIDHDJ@?$DM?9?9?5EchoEvtDeviceSelfManagedIoS@ 100020d0     device.obj
 0002:000000f8       ??_C@_0CE@HDGEDKOC@?9?9?$DO?5EchoEvtDeviceSelfManagedIoI@ 100020f8     device.obj
 0002:0000011c       ??_C@_0CE@EPGFGGNC@?$DM?9?9?5EchoEvtDeviceSelfManagedIoI@ 1000211c     device.obj
 0002:00000140       __GUID_cdc35b6e_0be4_4936_bf5f_5537380a7c1a 10002140     device.obj
 0002:00000150       ??_C@_0BJ@PHFBAMGA@Enter?5?5EchoEvtDeviceAdd?6@ 10002150     driver.obj
 0002:0000016c       ??_C@_0M@GIPELPKM@DriverEntry@ 1000216c     driver.obj
 0002:00000178       ??_C@_0N@HMLCOLLA@?$CFs?$CI?$CFp?0?5?$CFwZ?$CJ?6@ 10002178     driver.obj
 0002:00000188       ??_C@_0CE@LOLBOGEL@Error?3?5WdfDriverCreate?5failed?50@ 10002188     driver.obj
 0002:000001ac       ??_C@_0CE@GDANADFF@Error?3?5WdfStringCreate?5failed?50@ 100021ac     driver.obj
 0002:000001d0       ??_C@_0DD@MADOBAHC@Error?3?5WdfDriverRetrieveVersion@ 100021d0     driver.obj
 0002:00000204       ??_C@_0BB@FIJPGCCN@Echo?5Sample?5?$CFwZ?6@ 10002204     driver.obj
 0002:00000218       ??_C@_0BP@LEMNMGLB@Yes?0?5framework?5version?5is?51?40?6@ 10002218     driver.obj
 0002:00000238       ??_C@_0CC@LIIHPAHO@No?0?5framework?5verison?5is?5not?51?4@ 10002238     driver.obj
 0002:0000025c       ??_C@_0BO@MEAIOFOK@WdfIoQueueCreate?5failed?50x?$CFx?6@ 1000225c     queue.obj
 0002:0000027c       ??_C@_0BP@BBJAEPAN@WdfSpinLockCreate?5failed?50x?$CFx?6@ 1000227c     queue.obj
 0002:0000029c       ??_C@_0BL@IEANJLIB@Error?5creating?5timer?50x?$CFx?6@ 1000229c     queue.obj
 0002:000002b8       ??_C@_0DI@BJANOKEM@C?3?2Users?2Harry?2Documents?2GitHub@ 100022b8     queue.obj
 0002:000002f0       ??_C@_0M@KJAGLGPC@result?5?$DO?$DN?50@ 100022f0     queue.obj
 0002:000002fc       ??_C@_0CN@DKAGDNJB@EchoEvtRequestCancel?5called?5on?5@ 100022fc     queue.obj
 0002:0000032c       ??_C@_0CI@GPIKDNPB@queueContext?9?$DOCurrentRequest?5?$DN?$DN@ 1000232c     queue.obj
 0002:00000354       ??_C@_0DL@JHBFNBEE@EchoEvtIoRead?5Called?$CB?5Queue?50x?$CF@ 10002354     queue.obj
 0002:00000390       ??_C@_0DI@OHMHHGOM@EchoEvtIoRead?5Could?5not?5get?5req@ 10002390     queue.obj
 0002:000003c8       ??_C@_0DE@KKLHKAGA@EchoEvtIoRead?3?5WdfMemoryCopyFro@ 100023c8     queue.obj
 0002:000003fc       ??_C@_0DM@EMEAMJIF@EchoEvtIoWrite?5Called?$CB?5Queue?50x@ 100023fc     queue.obj
 0002:00000438       ??_C@_0DE@EGABHAOI@EchoEvtIoWrite?5Buffer?5Length?5to@ 10002438     queue.obj
 0002:0000046c       ??_C@_0DJ@PBCOLHEA@EchoEvtIoWrite?5Could?5not?5get?5re@ 1000246c     queue.obj
 0002:000004a8       ??_C@_0DE@PBLEBJPE@EchoEvtIoWrite?3?5Could?5not?5alloc@ 100024a8     queue.obj
 0002:000004dc       ??_C@_0DC@BICNFDJO@EchoEvtIoWrite?5WdfMemoryCopyToB@ 100024dc     queue.obj
 0002:00000510       ??_C@_0FC@MHEOLHKL@CustomTimerDPC?5successfully?5cle@ 10002510     queue.obj
 0002:00000564       ??_C@_0DE@HNFIJGBB@requestContext?9?$DOCancelCompletio@ 10002564     queue.obj
 0002:00000598       ??_C@_0FD@IMJDCCJI@CustomTimerDPC?5Request?50x?$CFp?5is?5@ 10002598     queue.obj
 0002:000005f0       ??_C@_0EA@LJHDPLHE@CustomTimerDPC?5Request?50x?$CFp?5is?5@ 100025f0     queue.obj
 0002:00000630       ??_C@_0DG@JKOHKBM@CustomTimerDPC?5Completing?5reque@ 10002630     queue.obj
 0002:00000668       __load_config_used         10002668     ntoskrnl:loadcfg.obj
 0003:00000000       ___security_cookie         10003000     bufferoverflowfastfailk:gs_support.obj
 0003:00000004       ___security_cookie_complement 10003004     bufferoverflowfastfailk:gs_support.obj
 0003:00000008       _WdfStructureCount         10003008     wdfdriverentry:stub.obj
 0003:00000040       _WdfFunctionCount          10003040     wdfdriverentry:stub.obj
 0003:00000044       __WDF_REQUEST_CONTEXT_TYPE_INFO 10003044     device.obj
 0003:00000058       __WDF_QUEUE_CONTEXT_TYPE_INFO 10003058     device.obj
 0003:0000006c       __WDF_DEVICE_CONTEXT_TYPE_INFO 1000306c     device.obj
 0003:00000080       _WdfMinimumVersionRequired 10003080     stdafx.obj
 0003:00000088       ?__KMDF_CLASS_BIND_START@@3U_MARKER_TYPE@@A 10003088     wdfdriverentry:classbind.obj
 0003:00000090       ?__KMDF_CLASS_BIND_END@@3PAXA 10003090     wdfdriverentry:classbind.obj
 0003:00000098       ?__KMDF_TYPE_INIT_START@@3U_MARKER_TYPE@@A 10003098     wdfdriverentry:inittypes.obj
 0003:000000a0       ?__KMDF_TYPE_INIT_END@@3PAXA 100030a0     wdfdriverentry:inittypes.obj
 0003:000000a8       _WdfStructures             100030a8     wdfdriverentry:stub.obj
 0003:000002b8       _WdfFunctions_01031        100032b8     wdfdriverentry:stub.obj
 0003:000002bc       _WdfDriverMiniportUnloadOverride 100032bc     wdfdriverentry:stub.obj
 0003:000002c0       _WdfClientVersionHigherThanFramework 100032c0     wdfdriverentry:stub.obj
 0003:000002c4       _typeWDF_IFR_HEADER        100032c4     wdfdriverentry:stub.obj
 0003:000002d0       _WdfDriverGlobals          100032d0     wdfdriverentry:stub.obj
 0003:000002dc       ___@@_PchSym_@00@UfhvihUsziibUwlxfnvmghUtrgsfyUgoRgzhpUgnkUdrmDCUivovzhvUpnwuRAAUhgwzucOlyq@4B2008FD98C1DD4 100032dc     stdafx.obj
 0004:00000000       ?EchoDeviceCreate@@YGJPAUWDFDEVICE_INIT@@@Z 10004000 f   device.obj
 0004:000001be       ?EchoEvtDeviceSelfManagedIoSuspend@@YGJPAUWDFDEVICE__@@@Z 100041be f   device.obj
 0004:0000025e       ?EchoEvtDeviceAdd@@YGJPAUWDFDRIVER__@@PAUWDFDEVICE_INIT@@@Z 1000425e f   driver.obj
 0004:00000282       ?EchoQueueInitialize@@YGJPAUWDFDEVICE__@@@Z 10004282 f   queue.obj
 0004:00000451       ?EchoTimerCreate@@YGJPAPAUWDFTIMER__@@KPAUWDFQUEUE__@@@Z 10004451 f   queue.obj
 0005:00000000       _DriverEntry@8             10005000 f   driver.obj
 0005:0000009e       ?EchoPrintDriverVersion@@YGJXZ 1000509e f   driver.obj
 0005:000001c4       ___security_init_cookie    100051c4 f   bufferoverflowfastfailk:gs_support.obj
 0005:000001e4       __IMPORT_DESCRIPTOR_ntoskrnl 100051e4     ntoskrnl:ntoskrnl.exe
 0005:000001f8       __IMPORT_DESCRIPTOR_WDFLDR 100051f8     wdfldr:WDFLDR.SYS
 0005:0000020c       __IMPORT_DESCRIPTOR_HAL    1000520c     hal:HAL.dll
 0005:00000220       __NULL_IMPORT_DESCRIPTOR   10005220     ntoskrnl:ntoskrnl.exe

 entry point at        0001:00000758

 Static symbols

 0000:ffff9000       .debug$S                   10000000     hal:HAL.dll
 0000:ffff9000       .debug$S                   10000000     ntoskrnl:ntoskrnl.exe
 0000:ffff9000       .debug$S                   10000000     ntoskrnl:ntoskrnl.exe
 0000:ffff9000       .debug$S                   10000000     ntoskrnl:ntoskrnl.exe
 0000:ffff9000       .debug$S                   10000000     ntoskrnl:ntoskrnl.exe
 0000:ffff9000       .debug$S                   10000000     ntoskrnl:ntoskrnl.exe
 0000:ffff9000       .debug$S                   10000000     ntoskrnl:ntoskrnl.exe
 0000:ffff9000       .debug$S                   10000000     ntoskrnl:ntoskrnl.exe
 0000:ffff9000       .debug$S                   10000000     wdfldr:WDFLDR.SYS
 0000:ffff9000       .debug$S                   10000000     wdfldr:WDFLDR.SYS
 0000:ffff9000       .debug$S                   10000000     wdfldr:WDFLDR.SYS
 0000:ffff9000       .debug$S                   10000000     wdfldr:WDFLDR.SYS
 0000:ffff9000       .debug$S                   10000000     wdfldr:WDFLDR.SYS
 0003:0000000c       _WdfBindInfo               1000300c     wdfdriverentry:stub.obj
 0003:00000094       ?__KMDF_CLASS_BIND_LAST_BOUND@@3PAU_WDF_CLASS_BIND_INFO@@A 10003094     wdfdriverentry:classbind.obj
 0003:000000b0       _WdfDriverStubRegistryPathBuffer 100030b0     wdfdriverentry:stub.obj
 0003:000002c8       _WdfDriverStubRegistryPath 100032c8     wdfdriverentry:stub.obj
 0003:000002d4       _WdfDriverStubDriverObject 100032d4     wdfdriverentry:stub.obj
 0003:000002d8       _WdfDriverStubDisplacedDriverUnload 100032d8     wdfdriverentry:stub.obj
 0005:000002b2       .idata$6                   100052b2     ntoskrnl:ntoskrnl.exe
 0005:0000032c       .idata$6                   1000532c     wdfldr:WDFLDR.SYS
 0005:0000034c       .idata$6                   1000534c     hal:HAL.dll
